0 verbose cli /usr/local/bin/node /usr/local/lib/node_modules/npm/bin/npm-cli.js
1 info using npm@11.6.2
2 info using node@v25.3.0
3 silly config load:file:/usr/local/lib/node_modules/npm/npmrc
4 silly config load:file:/Users/mhgagana/Documents/Safety-on-Speed/.npmrc
5 silly config load:file:/Users/mhgagana/.npmrc
6 silly config load:file:/usr/local/etc/npmrc
7 verbose title npm exec expo-doctor
8 verbose argv "exec" "--" "expo-doctor"
9 verbose logfile logs-max:10 dir:/Users/mhgagana/Documents/Safety-on-Speed/.npm-cache/_logs/2026-03-20T09_49_12_348Z-
10 verbose logfile /Users/mhgagana/Documents/Safety-on-Speed/.npm-cache/_logs/2026-03-20T09_49_12_348Z-debug-0.log
11 silly logfile done cleaning log files
12 silly packumentCache heap:4496293888 maxSize:1124073472 maxEntrySize:562036736
13 http fetch GET 200 https://registry.npmjs.org/expo-doctor 285ms (cache miss)
14 silly packumentCache heap:4496293888 maxSize:1124073472 maxEntrySize:562036736
15 silly packumentCache heap:4496293888 maxSize:1124073472 maxEntrySize:562036736
16 warn exec The following package was not found and will be installed: expo-doctor@1.18.13
17 silly idealTree buildDeps
18 silly fetch manifest expo-doctor@1.18.13
19 silly packumentCache full:https://registry.npmjs.org/expo-doctor cache-miss
20 http fetch GET 200 https://registry.npmjs.org/expo-doctor 95ms (cache miss)
21 silly packumentCache full:https://registry.npmjs.org/expo-doctor set size:undefined disposed:false
22 silly placeDep ROOT expo-doctor@1.18.13 OK for:  want: 1.18.13
23 silly reify moves {}
24 silly audit bulk request { 'expo-doctor': [ '1.18.13' ] }
25 http cache expo-doctor@https://registry.npmjs.org/expo-doctor/-/expo-doctor-1.18.13.tgz 0ms (cache hit)
26 silly tarball no local data for expo-doctor@https://registry.npmjs.org/expo-doctor/-/expo-doctor-1.18.13.tgz. Extracting by manifest.
27 http fetch POST 200 https://registry.npmjs.org/-/npm/v1/security/advisories/bulk 263ms
28 silly audit report {}
29 http fetch GET 200 https://registry.npmjs.org/expo-doctor/-/expo-doctor-1.18.13.tgz 890ms (cache miss)
30 verbose cwd /Users/mhgagana/Documents/Safety-on-Speed
31 verbose os Darwin 25.3.0
32 verbose node v25.3.0
33 verbose npm  v11.6.2
34 verbose exit 1
35 verbose code 1
