0 verbose cli /usr/local/bin/node /usr/local/bin/npm
1 info using npm@11.6.2
2 info using node@v25.3.0
3 silly config load:file:/usr/local/lib/node_modules/npm/npmrc
4 silly config load:file:/Users/mhgagana/Documents/Safety-on-Speed/.npmrc
5 silly config load:file:/Users/mhgagana/.npmrc
6 silly config load:file:/usr/local/etc/npmrc
7 verbose title npm explain eas-cli
8 verbose argv "explain" "eas-cli" "--json"
9 verbose logfile logs-max:10 dir:/Users/mhgagana/Documents/Safety-on-Speed/.npm-cache/_logs/2026-03-21T15_00_38_831Z-
10 verbose logfile /Users/mhgagana/Documents/Safety-on-Speed/.npm-cache/_logs/2026-03-21T15_00_38_831Z-debug-0.log
11 silly logfile start cleaning logs, removing 1 files
12 silly packumentCache heap:4496293888 maxSize:1124073472 maxEntrySize:562036736
13 silly logfile done cleaning log files
14 verbose shrinkwrap failed to load node_modules/.package-lock.json out of date, updated: node_modules/react-native-css-interop
15 verbose stack Error: No dependencies found matching eas-cli
15 verbose stack     at Explain.exec (/usr/local/lib/node_modules/npm/lib/commands/explain.js:58:13)
15 verbose stack     at async Npm.exec (/usr/local/lib/node_modules/npm/lib/npm.js:208:9)
15 verbose stack     at async module.exports (/usr/local/lib/node_modules/npm/lib/cli/entry.js:67:5)
16 error No dependencies found matching eas-cli
17 verbose cwd /Users/mhgagana/Documents/Safety-on-Speed
18 verbose os Darwin 25.3.0
19 verbose node v25.3.0
20 verbose npm  v11.6.2
21 verbose exit 1
22 verbose code 1
23 error A complete log of this run can be found in: /Users/mhgagana/Documents/Safety-on-Speed/.npm-cache/_logs/2026-03-21T15_00_38_831Z-debug-0.log
