0 verbose cli /usr/local/bin/node /usr/local/lib/node_modules/npm/bin/npm-cli.js
1 info using npm@11.6.2
2 info using node@v25.3.0
3 silly config load:file:/usr/local/lib/node_modules/npm/npmrc
4 silly config load:file:/Users/mhgagana/Documents/Safety-on-Speed/.npmrc
5 silly config load:file:/Users/mhgagana/.npmrc
6 silly config load:file:/usr/local/etc/npmrc
7 verbose title npm exec expo-doctor
8 verbose argv "exec" "--" "expo-doctor"
9 verbose logfile logs-max:10 dir:/Users/mhgagana/Documents/Safety-on-Speed/.npm-cache/_logs/2026-03-21T15_00_34_025Z-
10 verbose logfile /Users/mhgagana/Documents/Safety-on-Speed/.npm-cache/_logs/2026-03-21T15_00_34_025Z-debug-0.log
11 silly logfile done cleaning log files
12 silly packumentCache heap:4496293888 maxSize:1124073472 maxEntrySize:562036736
13 verbose shrinkwrap failed to load node_modules/.package-lock.json out of date, updated: node_modules/react-native-css-interop
14 http fetch GET 200 https://registry.npmjs.org/expo-doctor 372ms (cache revalidated)
15 silly packumentCache heap:4496293888 maxSize:1124073472 maxEntrySize:562036736
16 silly packumentCache heap:4496293888 maxSize:1124073472 maxEntrySize:562036736
17 verbose cwd /Users/mhgagana/Documents/Safety-on-Speed
18 verbose os Darwin 25.3.0
19 verbose node v25.3.0
20 verbose npm  v11.6.2
21 verbose exit 1
22 verbose code 1
